c[?7l[2J[0mSeaBIOS (version rel-1.17.0-0-gb52ca86e094d-prebuilt.qemu.org)


iPXE (http://ipxe.org) 00:03.0 CA00 PCI2.10 PnP PMM+0EFD1D10+0EF31D10 CA00
Press Ctrl-B to configure iPXE (PCI 00:03.0)...
                                                                               


Booting from ROM..c[?7l[2J======================================================================
 RAW BARE-METAL LINUX IN QEMU: BENCHMARK SUITE
 Platform: Linux x86_64 LTS 6.6.134-virt inside QEMU Hypervisor
 Physical DRAM Constraint: 256 MB DRAM (218 MB Usable)
======================================================================
[1/3] Running Plain Linux Kernel Virtual Memory Benchmark...
[2/3] Running FluidRAM Hydrodynamic Memory Manifold Benchmark...
[3/3] Generating Side-by-Side Comparative Telemetry...

==============================================================================
METRIC                               | PLAIN LINUX (zram) | FLUIDRAM MANIFOLD 
------------------------------------------------------------------------------
Virtual Memory Workload              |          320.0 MB |         1024.0 MB
Physical DRAM Footprint              |          218.5 MB |          29.20 MB
Memory Density Multiplier            |           1.94 x |          35.07 x
Secondary Swap Pages Written         |         121527 |              0
Secondary Swap Pages Read            |          63157 |              0
Disk Swap Usage                      |          512.0 MB |            0.0 MB
Major Page Faults (Disk / Swap)      |            120 |              0
Minor Page Faults (Allocation)       |         169188 |    0 (Pre-slabbed)
Bit-Exact Data Integrity             |           Verified |     100% Bit-Exact
OOM Termination Invocations          |              0 |              0
Subsystem Latency Collapse           | Observed Thrashing | 45.6x Speedup vs Disk I/O
==============================================================================

### BEGIN_RAW_BENCHMARK_JSON ###
{
  "plain_linux": {
    "virtual_workload_mb": 320.0,
    "physical_dram_mb": 218.47265625,
    "swap_configured_mb": 511.99609375,
    "swap_pages_written": 121527,
    "swap_pages_read": 63157,
    "minor_page_faults": 169188,
    "major_page_faults": 120,
    "zram_compression_ratio": 1.94,
    "oom_kills": 0,
    "duration_ms": 10510.22,
    "paging_mechanism": "Two-Level Demand Paging + LZ4 zram swapout",
    "working_set_thrashing": "Observed (Denning Working Set Cycle)"
  },
  "fluidram": {
    "virtual_workload_mb": 1024.0,
    "physical_ram_consumed_mb": 29.2,
    "actual_density_ratio": 35.07,
    "galois_compression_savings_pct": 49.9,
    "void_pipe_resident_mb": 3.521,
    "swap_pages_written": 0,
    "swap_pages_read": 0,
    "disk_swap_consumed_mb": 0.0,
    "major_page_faults": 0,
    "disk_swap_faults": 0,
    "bit_exact_integrity": true,
    "oom_kills": 0,
    "duration_ms": 14025.67,
    "paging_mechanism": "Hydrodynamic Slab Lending + Galois GF(2^8) Delta Manifold",
    "thrashing_latency_reduction": "45.6x Speedup vs Disk I/O"
  }
}
### END_RAW_BENCHMARK_JSON ###
[   33.594901] reboot: Power down
